test_monitor_failure_invalidates_exposure_without_erasing_evidence (test_dual_denominator_runtime_r1.DualDenominatorRuntimeTests.test_monitor_failure_invalidates_exposure_without_erasing_evidence) ... ok
test_one_invalid_slot_remains_in_operational_clock_only (test_dual_denominator_runtime_r1.DualDenominatorRuntimeTests.test_one_invalid_slot_remains_in_operational_clock_only) ... ok
test_paired_roles_do_not_double_calendar_or_mix_candidate_frequencies (test_dual_denominator_runtime_r1.DualDenominatorRuntimeTests.test_paired_roles_do_not_double_calendar_or_mix_candidate_frequencies) ... ok
test_poststart_discovery_enters_real_maker_loop_and_retains_unknown_startup (test_dual_denominator_runtime_r1.DualDenominatorRuntimeTests.test_poststart_discovery_enters_real_maker_loop_and_retains_unknown_startup) ... ok
test_six_partial_windows_can_qualify_without_claiming_1800_observed_seconds (test_dual_denominator_runtime_r1.DualDenominatorRuntimeTests.test_six_partial_windows_can_qualify_without_claiming_1800_observed_seconds) ... ok
test_strategy_and_operational_rates_use_distinct_time (test_dual_denominator_runtime_r1.DualDenominatorRuntimeTests.test_strategy_and_operational_rates_use_distinct_time) ... ok
test_warmed_feed_before_engine_entry_is_not_strategy_exposure (test_dual_denominator_runtime_r1.DualDenominatorRuntimeTests.test_warmed_feed_before_engine_entry_is_not_strategy_exposure) ... ok
test_282_observed_18_unknown_is_valid_and_reports_dual_denominators (test_observation_exposure_r1.ObservationExposureTests.test_282_observed_18_unknown_is_valid_and_reports_dual_denominators) ... ok
test_backward_wall_clock_observation_makes_accounting_invalid (test_observation_exposure_r1.ObservationExposureTests.test_backward_wall_clock_observation_makes_accounting_invalid) ... ok
test_crash_and_invalid_coverage_have_operational_but_zero_strategy_exposure (test_observation_exposure_r1.ObservationExposureTests.test_crash_and_invalid_coverage_have_operational_but_zero_strategy_exposure) ... ok
test_fresh_no_route_is_observed_exposure_even_with_no_ask (test_observation_exposure_r1.ObservationExposureTests.test_fresh_no_route_is_observed_exposure_even_with_no_ask) ... ok
test_joint_and_pair_frequency_denominators_do_not_include_unknown_time (test_observation_exposure_r1.ObservationExposureTests.test_joint_and_pair_frequency_denominators_do_not_include_unknown_time) ... ok
test_only_point_one_second_after_late_readiness_is_not_300_seconds (test_observation_exposure_r1.ObservationExposureTests.test_only_point_one_second_after_late_readiness_is_not_300_seconds) ... ok
test_preheated_coverage_before_late_loop_entry_is_clipped_from_strategy_exposure (test_observation_exposure_r1.ObservationExposureTests.test_preheated_coverage_before_late_loop_entry_is_clipped_from_strategy_exposure) ... ok
test_preparation_failure_is_fail_closed_and_cleans_started_feed (test_observation_exposure_r1.ObservationExposureTests.test_preparation_failure_is_fail_closed_and_cleans_started_feed) ... ok
test_qualification_preserves_fill_inventory_and_hedge_evidence (test_observation_exposure_r1.ObservationExposureTests.test_qualification_preserves_fill_inventory_and_hedge_evidence) ... ok
test_sampler_gap_cannot_extend_last_freshness_lease_to_window_end (test_observation_exposure_r1.ObservationExposureTests.test_sampler_gap_cannot_extend_last_freshness_lease_to_window_end) ... ok
test_stale_error_and_disconnect_are_unknown (test_observation_exposure_r1.ObservationExposureTests.test_stale_error_and_disconnect_are_unknown) ... ok
test_unchanged_pm_book_with_live_heartbeat_remains_known (test_observation_exposure_r1.ObservationExposureTests.test_unchanged_pm_book_with_live_heartbeat_remains_known) ... ok
test_a7_aggregate_ws_size_cannot_create_fill (test_public_runner_r1.T.test_a7_aggregate_ws_size_cannot_create_fill) ... ok
test_ambiguous_match_group_fails_closed (test_public_runner_r1.T.test_ambiguous_match_group_fails_closed) ... ok
test_cache (test_public_runner_r1.T.test_cache) ... ok
test_exact_bid_fails_closed_without_admission_queue_bound (test_public_runner_r1.T.test_exact_bid_fails_closed_without_admission_queue_bound) ... ok
test_merge_path_normalizes_to_synthetic_target_bid (test_public_runner_r1.T.test_merge_path_normalizes_to_synthetic_target_bid) ... ok
test_mint_complement_buy_flow_counts (test_public_runner_r1.T.test_mint_complement_buy_flow_counts) ... ok
test_partial_fills_accumulate_across_transactions (test_public_runner_r1.T.test_partial_fills_accumulate_across_transactions) ... ok
test_pf01_candidate_economics_aggregates_all_hedge_legs (test_public_runner_r1.T.test_pf01_candidate_economics_aggregates_all_hedge_legs) ... ok
test_pf01_incomplete_hedge_cannot_be_positive (test_public_runner_r1.T.test_pf01_incomplete_hedge_cannot_be_positive) ... ok
test_pf02_partial_exposes_inventory_bounds (test_public_runner_r1.T.test_pf02_partial_exposes_inventory_bounds) ... ok
test_pf03_qualified_evidence_is_monotone_policy (test_public_runner_r1.T.test_pf03_qualified_evidence_is_monotone_policy) ... ok
test_pf04_missing_hash_is_unresolved_execution_evidence (test_public_runner_r1.T.test_pf04_missing_hash_is_unresolved_execution_evidence) ... ok
test_pf04_unknown_time_not_masked_by_confirmed_fill (test_public_runner_r1.T.test_pf04_unknown_time_not_masked_by_confirmed_fill) ... ok
test_pf04_unknown_time_not_masked_by_plausible (test_public_runner_r1.T.test_pf04_unknown_time_not_masked_by_plausible) ... ok
test_pm_market_discovery_does_not_retry_semantic_invalidity (test_public_runner_r1.T.test_pm_market_discovery_does_not_retry_semantic_invalidity) ... ok
test_pm_market_discovery_retries_transient_transport (test_public_runner_r1.T.test_pm_market_discovery_retries_transient_transport) ... ok
test_runner_lifecycle_keeps_residual_order_after_partial (test_public_runner_r1.T.test_runner_lifecycle_keeps_residual_order_after_partial) ... ok
test_ws_price_does_not_filter_receipt_levels (test_public_runner_r1.T.test_ws_price_does_not_filter_receipt_levels) ... ok
test_all_429_bounded_then_real_maker_window_invalid (test_qualification_runtime_r1.RuntimeTests.test_all_429_bounded_then_real_maker_window_invalid) ... ok
test_all_six_valid_batch_can_count (test_qualification_runtime_r1.RuntimeTests.test_all_six_valid_batch_can_count) ... ok
test_concurrent_cache_reader_waits_and_reuses_writer_identity (test_qualification_runtime_r1.RuntimeTests.test_concurrent_cache_reader_waits_and_reuses_writer_identity) ... ok
test_deadline_prevents_network (test_qualification_runtime_r1.RuntimeTests.test_deadline_prevents_network) ... ok
test_delayed_runner_moves_start_future_aligned_without_market_input (test_qualification_runtime_r1.RuntimeTests.test_delayed_runner_moves_start_future_aligned_without_market_input) ... ok
test_diagnostic_never_contributes_phase_a_windows (test_qualification_runtime_r1.RuntimeTests.test_diagnostic_never_contributes_phase_a_windows) ... ok
test_first_429_then_discovery_success_and_fallback_identity (test_qualification_runtime_r1.RuntimeTests.test_first_429_then_discovery_success_and_fallback_identity) ... ok
test_five_valid_one_discovery_failure_batch_incomplete (test_qualification_runtime_r1.RuntimeTests.test_five_valid_one_discovery_failure_batch_incomplete) ... ok
test_maker_pair_observable_poll_counts_do_not_establish_time_coverage (test_qualification_runtime_r1.RuntimeTests.test_maker_pair_observable_poll_counts_do_not_establish_time_coverage) ... ok
test_mismatched_metadata_cannot_populate_cache (test_qualification_runtime_r1.RuntimeTests.test_mismatched_metadata_cannot_populate_cache) ... ok
test_missing_rows_are_explicit (test_qualification_runtime_r1.RuntimeTests.test_missing_rows_are_explicit) ... ok
test_persistent_cache_hit_has_no_network_discovery (test_qualification_runtime_r1.RuntimeTests.test_persistent_cache_hit_has_no_network_discovery) ... ok
test_prestartexisting_split_requires_exact_metadata (test_qualification_runtime_r1.RuntimeTests.test_prestartexisting_split_requires_exact_metadata) ... ok
test_primary_connection_reset_fallback_matches_direct_identity (test_qualification_runtime_r1.RuntimeTests.test_primary_connection_reset_fallback_matches_direct_identity) ... ok
test_semantic_rpc_error_does_not_retry (test_qualification_runtime_r1.RuntimeTests.test_semantic_rpc_error_does_not_retry) ... ok
test_split_discriminator_works_without_debug_log_and_rejects_other_instruction (test_qualification_runtime_r1.RuntimeTests.test_split_discriminator_works_without_debug_log_and_rejects_other_instruction) ... ok
test_taker_discovery_failure_zero_polls_is_invalid (test_qualification_runtime_r1.RuntimeTests.test_taker_discovery_failure_zero_polls_is_invalid) ... ok
test_uncached_discovery_has_bounded_pre_and_poststart_interval (test_qualification_runtime_r1.RuntimeTests.test_uncached_discovery_has_bounded_pre_and_poststart_interval) ... ok
test_validity_does_not_mutate_confirmed_inventory_hedge_evidence (test_qualification_runtime_r1.RuntimeTests.test_validity_does_not_mutate_confirmed_inventory_hedge_evidence) ... ok
test_zero_polls_or_no_authority_invalid_even_with_discovery (test_qualification_runtime_r1.RuntimeTests.test_zero_polls_or_no_authority_invalid_even_with_discovery) ... ok
test_all_twelve_consecutive_windows_discover_identity (test_world_pm_r6_fixed_12_window_pm_r0.CaptureBoundaryTests.test_all_twelve_consecutive_windows_discover_identity) ... ok
test_book_timeout_preserves_failure_and_actual_times (test_world_pm_r6_fixed_12_window_pm_r0.CaptureBoundaryTests.test_book_timeout_preserves_failure_and_actual_times) ... ok
test_cross_boundary_reply_is_not_success_and_down_is_not_requested (test_world_pm_r6_fixed_12_window_pm_r0.CaptureBoundaryTests.test_cross_boundary_reply_is_not_success_and_down_is_not_requested) ... ok
test_expired_window_never_discovers_or_requests (test_world_pm_r6_fixed_12_window_pm_r0.CaptureBoundaryTests.test_expired_window_never_discovers_or_requests) ... ok
test_frozen_capture_region_first_and_last_anchor (test_world_pm_r6_fixed_12_window_pm_r0.CaptureBoundaryTests.test_frozen_capture_region_first_and_last_anchor) ... ok
test_identity_failure_retains_reason_and_bounds_retries (test_world_pm_r6_fixed_12_window_pm_r0.CaptureBoundaryTests.test_identity_failure_retains_reason_and_bounds_retries) ... ok
test_identity_reply_after_end_is_rejected (test_world_pm_r6_fixed_12_window_pm_r0.CaptureBoundaryTests.test_identity_reply_after_end_is_rejected) ... ok
test_incomplete_window_remains_in_fixed_denominator (test_world_pm_r6_fixed_12_window_pm_r0.CaptureBoundaryTests.test_incomplete_window_remains_in_fixed_denominator) ... ok
test_invalid_cadence_rejected_before_requests (test_world_pm_r6_fixed_12_window_pm_r0.CaptureBoundaryTests.test_invalid_cadence_rejected_before_requests) ... ok
test_late_start_skips_elapsed_targets (test_world_pm_r6_fixed_12_window_pm_r0.CaptureBoundaryTests.test_late_start_skips_elapsed_targets) ... ok
test_original_failure_reproduced_at_exact_start (test_world_pm_r6_fixed_12_window_pm_r0.CaptureBoundaryTests.test_original_failure_reproduced_at_exact_start) ... ok
test_push_workflow_only_runs_offline_tests (test_world_pm_r6_fixed_12_window_pm_r0.CaptureBoundaryTests.test_push_workflow_only_runs_offline_tests) ... ok
test_real_transport_is_stopped_at_network_guard (test_world_pm_r6_fixed_12_window_pm_r0.CaptureBoundaryTests.test_real_transport_is_stopped_at_network_guard) ... ok
test_slow_http_does_not_burst_catch_up_or_cross_window (test_world_pm_r6_fixed_12_window_pm_r0.CaptureBoundaryTests.test_slow_http_does_not_burst_catch_up_or_cross_window) ... ok
test_b4_inner_replacement_preserves_inner_training_parameters (test_world_pm_subsecond_analyze_r1.SubsecondAnalyzerTests.test_b4_inner_replacement_preserves_inner_training_parameters) ... ok
test_b4_linear_copies_through_fold_selection_and_outer_evaluation (test_world_pm_subsecond_analyze_r1.SubsecondAnalyzerTests.test_b4_linear_copies_through_fold_selection_and_outer_evaluation) ... ok
test_b4_missing_endpoint_drops_row_but_valid_zero_label_survives (test_world_pm_subsecond_analyze_r1.SubsecondAnalyzerTests.test_b4_missing_endpoint_drops_row_but_valid_zero_label_survives) ... ok
test_b4_outer_replacement_cannot_change_selected_lag_or_outer_fit (test_world_pm_subsecond_analyze_r1.SubsecondAnalyzerTests.test_b4_outer_replacement_cannot_change_selected_lag_or_outer_fit) ... ok
test_expanded_gap_is_whole_interval_not_only_end_padding (test_world_pm_subsecond_analyze_r1.SubsecondAnalyzerTests.test_expanded_gap_is_whole_interval_not_only_end_padding) ... ok
test_source_clock_ahead_of_endpoint_is_not_qualified (test_world_pm_subsecond_analyze_r1.SubsecondAnalyzerTests.test_source_clock_ahead_of_endpoint_is_not_qualified) ... ok
test_strict_receipt_and_all_endpoint_ages (test_world_pm_subsecond_analyze_r1.SubsecondAnalyzerTests.test_strict_receipt_and_all_endpoint_ages) ... ok
test_clock_reliability_marks_long_frozen_wall_interval (test_world_pm_subsecond_capture_r1.CapturePrimitiveTests.test_clock_reliability_marks_long_frozen_wall_interval) ... ok
test_clock_reliability_records_resolution_and_fails_closed_on_wall_regression (test_world_pm_subsecond_capture_r1.CapturePrimitiveTests.test_clock_reliability_records_resolution_and_fails_closed_on_wall_regression) ... ok
test_feed_health_fail_starts_gap_at_last_healthy_and_healthy_closes_it (test_world_pm_subsecond_capture_r1.CapturePrimitiveTests.test_feed_health_fail_starts_gap_at_last_healthy_and_healthy_closes_it) ... ok
test_feed_health_initial_gap_and_pong_do_not_restore_missing_snapshot (test_world_pm_subsecond_capture_r1.CapturePrimitiveTests.test_feed_health_initial_gap_and_pong_do_not_restore_missing_snapshot) ... ok
test_journal_latest_requires_strict_receive_before_target (test_world_pm_subsecond_capture_r1.CapturePrimitiveTests.test_journal_latest_requires_strict_receive_before_target) ... ok
test_journal_records_wall_and_monotonic_receipt_stamps (test_world_pm_subsecond_capture_r1.CapturePrimitiveTests.test_journal_records_wall_and_monotonic_receipt_stamps) ... ok
test_next_anchor_skips_missed_targets_without_catchup (test_world_pm_subsecond_capture_r1.CapturePrimitiveTests.test_next_anchor_skips_missed_targets_without_catchup) ... ok
test_pm_books_require_snapshots_then_apply_deltas (test_world_pm_subsecond_capture_r1.CapturePrimitiveTests.test_pm_books_require_snapshots_then_apply_deltas) ... ok
test_valid_price_accepts_bounded_bbo_and_rejects_invalid (test_world_pm_subsecond_capture_r1.CapturePrimitiveTests.test_valid_price_accepts_bounded_bbo_and_rejects_invalid) ... ok
test_world_history_first_appearance_deduplicates_identity_and_filters_window (test_world_pm_subsecond_capture_r1.CapturePrimitiveTests.test_world_history_first_appearance_deduplicates_identity_and_filters_window) ... ok
test_world_retry_records_raw_before_usable_quote_and_uses_bounded_backoff (test_world_pm_subsecond_capture_r1.CapturePrimitiveTests.test_world_retry_records_raw_before_usable_quote_and_uses_bounded_backoff) ... ok
test_ws_timeout_marks_gap_and_reconnect_requires_both_fresh_books (test_world_pm_subsecond_capture_r1.CapturePrimitiveTests.test_ws_timeout_marks_gap_and_reconnect_requires_both_fresh_books) ... ok
test_broken_sequence_cannot_be_treated_as_valid_capture (test_world_pm_subsecond_cli_r1.OfflineCliTests.test_broken_sequence_cannot_be_treated_as_valid_capture) ... ok
test_config_validation_and_unratified_capture_never_touch_network (test_world_pm_subsecond_cli_r1.OfflineCliTests.test_config_validation_and_unratified_capture_never_touch_network) ... ok
test_direct_file_cli_default_is_validation_only (test_world_pm_subsecond_cli_r1.OfflineCliTests.test_direct_file_cli_default_is_validation_only) ... ok
test_offline_analyzer_cli_emits_no_result_for_empty_cohort (test_world_pm_subsecond_cli_r1.OfflineCliTests.test_offline_analyzer_cli_emits_no_result_for_empty_cohort) ... ok
test_b4_inner_changes_leave_0_4h_parameters_unchanged (test_world_pm_subsecond_cohort_r1.CohortTests.test_b4_inner_changes_leave_0_4h_parameters_unchanged) ... ok
test_b4_linear_copies_through_full_cohort_produce_exact_zero (test_world_pm_subsecond_cohort_r1.CohortTests.test_b4_linear_copies_through_full_cohort_produce_exact_zero) ... ok
test_b4_outer_changes_leave_k_and_0_6h_parameters_unchanged (test_world_pm_subsecond_cohort_r1.CohortTests.test_b4_outer_changes_leave_k_and_0_6h_parameters_unchanged) ... ok
test_common_first_half_grid_not_individual_horizon_counts (test_world_pm_subsecond_cohort_r1.CohortTests.test_common_first_half_grid_not_individual_horizon_counts) ... ok
test_unchosen_second_half_does_not_block_selected_horizon (test_world_pm_subsecond_cohort_r1.CohortTests.test_unchosen_second_half_does_not_block_selected_horizon) ... ok
test_unreliable_receipts_have_data_no_result_priority (test_world_pm_subsecond_cohort_r1.CohortTests.test_unreliable_receipts_have_data_no_result_priority) ... ok
test_upfront_purge_including_outer_training_and_end (test_world_pm_subsecond_cohort_r1.CohortTests.test_upfront_purge_including_outer_training_and_end) ... ok
test_world_error_gap_not_expanded (test_world_pm_subsecond_cohort_r1.CohortTests.test_world_error_gap_not_expanded) ... ok
test_bootstrap_is_row_weighted_with_equal_block_draws (test_world_pm_subsecond_model_r1.SubsecondModelTests.test_bootstrap_is_row_weighted_with_equal_block_draws) ... ok
test_bootstrap_uses_utc_15min_blocks_without_gap_compression (test_world_pm_subsecond_model_r1.SubsecondModelTests.test_bootstrap_uses_utc_15min_blocks_without_gap_compression) ... ok
test_correlation_rejects_zero_variance (test_world_pm_subsecond_model_r1.SubsecondModelTests.test_correlation_rejects_zero_variance) ... ok
test_exact_world_columns_are_pm_linear_copies_and_loss_is_zero (test_world_pm_subsecond_model_r1.SubsecondModelTests.test_exact_world_columns_are_pm_linear_copies_and_loss_is_zero) ... ok
test_rcond_and_tolerance_drop_redundant_world_residuals (test_world_pm_subsecond_model_r1.SubsecondModelTests.test_rcond_and_tolerance_drop_redundant_world_residuals) ... ok
test_validation_replacement_does_not_change_fitted_parameters (test_world_pm_subsecond_model_r1.SubsecondModelTests.test_validation_replacement_does_not_change_fitted_parameters) ... ok
test_causal_timeline_does_not_move_duplicate_state_availability_forward (test_world_specific_incremental_r1.IncrementalLeadR1Tests.test_causal_timeline_does_not_move_duplicate_state_availability_forward) ... ok
test_cex_at_or_before_never_uses_future_receipt (test_world_specific_incremental_r1.IncrementalLeadR1Tests.test_cex_at_or_before_never_uses_future_receipt) ... ok
test_crossing_state_requires_observed_below_after_unhealthy_gap (test_world_specific_incremental_r1.IncrementalLeadR1Tests.test_crossing_state_requires_observed_below_after_unhealthy_gap) ... ok
test_future_scoring_is_directional_and_predeclared (test_world_specific_incremental_r1.IncrementalLeadR1Tests.test_future_scoring_is_directional_and_predeclared) ... ok
test_gate_cannot_pass_on_tiny_nonflat_denominator (test_world_specific_incremental_r1.IncrementalLeadR1Tests.test_gate_cannot_pass_on_tiny_nonflat_denominator) ... ok
test_gate_rejects_opposite_short_horizon_majority (test_world_specific_incremental_r1.IncrementalLeadR1Tests.test_gate_rejects_opposite_short_horizon_majority) ... ok
test_gate_requires_four_windows_and_twenty_scorable (test_world_specific_incremental_r1.IncrementalLeadR1Tests.test_gate_requires_four_windows_and_twenty_scorable) ... ok
test_no_crossing_below_threshold (test_world_specific_incremental_r1.IncrementalLeadR1Tests.test_no_crossing_below_threshold) ... ok
test_old_unchanged_book_is_valid_when_feed_liveness_is_fresh (test_world_specific_incremental_r1.IncrementalLeadR1Tests.test_old_unchanged_book_is_valid_when_feed_liveness_is_fresh) ... ok
test_pm_cutoff_accepts_only_states_observer_available_by_cutoff (test_world_specific_incremental_r1.IncrementalLeadR1Tests.test_pm_cutoff_accepts_only_states_observer_available_by_cutoff) ... ok
test_pm_cutoff_rejects_cross_generation_pair (test_world_specific_incremental_r1.IncrementalLeadR1Tests.test_pm_cutoff_rejects_cross_generation_pair) ... ok
test_pm_cutoff_rejects_future_receipt_even_if_source_timestamp_is_old (test_world_specific_incremental_r1.IncrementalLeadR1Tests.test_pm_cutoff_rejects_future_receipt_even_if_source_timestamp_is_old) ... ok
test_pm_proxy_rejects_stale_or_wrong_generation_liveness (test_world_specific_incremental_r1.IncrementalLeadR1Tests.test_pm_proxy_rejects_stale_or_wrong_generation_liveness) ... ok
test_proxy_and_conditioning_semantics (test_world_specific_incremental_r1.IncrementalLeadR1Tests.test_proxy_and_conditioning_semantics) ... ok
test_real_causal_state_point_contains_bids_and_asks (test_world_specific_incremental_r1.IncrementalLeadR1Tests.test_real_causal_state_point_contains_bids_and_asks) ... ok
test_world_discovery_keeps_prestart_split_allowance_after_window_start (test_world_specific_incremental_r1.IncrementalLeadR1Tests.test_world_discovery_keeps_prestart_split_allowance_after_window_start) ... ok
test_measurement_loop_executes_crossing_branch_and_rearms_after_unhealthy_gap (test_world_specific_incremental_r1_runtime.RunWindowMeasurementLoopTests.test_measurement_loop_executes_crossing_branch_and_rearms_after_unhealthy_gap) ... ok

----------------------------------------------------------------------
Ran 125 tests in 8.562s

OK
