test_b4_inner_replacement_preserves_inner_training_parameters (test_world_pm_subsecond_analyze_r1.SubsecondAnalyzerTests.test_b4_inner_replacement_preserves_inner_training_parameters) ... ok
test_b4_linear_copies_through_fold_selection_and_outer_evaluation (test_world_pm_subsecond_analyze_r1.SubsecondAnalyzerTests.test_b4_linear_copies_through_fold_selection_and_outer_evaluation) ... ok
test_b4_missing_endpoint_drops_row_but_valid_zero_label_survives (test_world_pm_subsecond_analyze_r1.SubsecondAnalyzerTests.test_b4_missing_endpoint_drops_row_but_valid_zero_label_survives) ... ok
test_b4_outer_replacement_cannot_change_selected_lag_or_outer_fit (test_world_pm_subsecond_analyze_r1.SubsecondAnalyzerTests.test_b4_outer_replacement_cannot_change_selected_lag_or_outer_fit) ... ok
test_expanded_gap_is_whole_interval_not_only_end_padding (test_world_pm_subsecond_analyze_r1.SubsecondAnalyzerTests.test_expanded_gap_is_whole_interval_not_only_end_padding) ... ok
test_source_clock_ahead_of_endpoint_is_not_qualified (test_world_pm_subsecond_analyze_r1.SubsecondAnalyzerTests.test_source_clock_ahead_of_endpoint_is_not_qualified) ... ok
test_strict_receipt_and_all_endpoint_ages (test_world_pm_subsecond_analyze_r1.SubsecondAnalyzerTests.test_strict_receipt_and_all_endpoint_ages) ... ok
test_clock_reliability_marks_long_frozen_wall_interval (test_world_pm_subsecond_capture_r1.CapturePrimitiveTests.test_clock_reliability_marks_long_frozen_wall_interval) ... ok
test_clock_reliability_records_resolution_and_fails_closed_on_wall_regression (test_world_pm_subsecond_capture_r1.CapturePrimitiveTests.test_clock_reliability_records_resolution_and_fails_closed_on_wall_regression) ... ok
test_feed_health_fail_starts_gap_at_last_healthy_and_healthy_closes_it (test_world_pm_subsecond_capture_r1.CapturePrimitiveTests.test_feed_health_fail_starts_gap_at_last_healthy_and_healthy_closes_it) ... ok
test_feed_health_initial_gap_and_pong_do_not_restore_missing_snapshot (test_world_pm_subsecond_capture_r1.CapturePrimitiveTests.test_feed_health_initial_gap_and_pong_do_not_restore_missing_snapshot) ... ok
test_journal_latest_requires_strict_receive_before_target (test_world_pm_subsecond_capture_r1.CapturePrimitiveTests.test_journal_latest_requires_strict_receive_before_target) ... ok
test_journal_records_wall_and_monotonic_receipt_stamps (test_world_pm_subsecond_capture_r1.CapturePrimitiveTests.test_journal_records_wall_and_monotonic_receipt_stamps) ... ok
test_next_anchor_skips_missed_targets_without_catchup (test_world_pm_subsecond_capture_r1.CapturePrimitiveTests.test_next_anchor_skips_missed_targets_without_catchup) ... ok
test_pm_books_require_snapshots_then_apply_deltas (test_world_pm_subsecond_capture_r1.CapturePrimitiveTests.test_pm_books_require_snapshots_then_apply_deltas) ... ok
test_valid_price_accepts_bounded_bbo_and_rejects_invalid (test_world_pm_subsecond_capture_r1.CapturePrimitiveTests.test_valid_price_accepts_bounded_bbo_and_rejects_invalid) ... ok
test_world_history_first_appearance_deduplicates_identity_and_filters_window (test_world_pm_subsecond_capture_r1.CapturePrimitiveTests.test_world_history_first_appearance_deduplicates_identity_and_filters_window) ... ok
test_world_retry_records_raw_before_usable_quote_and_uses_bounded_backoff (test_world_pm_subsecond_capture_r1.CapturePrimitiveTests.test_world_retry_records_raw_before_usable_quote_and_uses_bounded_backoff) ... ok
test_ws_timeout_marks_gap_and_reconnect_requires_both_fresh_books (test_world_pm_subsecond_capture_r1.CapturePrimitiveTests.test_ws_timeout_marks_gap_and_reconnect_requires_both_fresh_books) ... ok
test_broken_sequence_cannot_be_treated_as_valid_capture (test_world_pm_subsecond_cli_r1.OfflineCliTests.test_broken_sequence_cannot_be_treated_as_valid_capture) ... ok
test_config_validation_and_unratified_capture_never_touch_network (test_world_pm_subsecond_cli_r1.OfflineCliTests.test_config_validation_and_unratified_capture_never_touch_network) ... ok
test_direct_file_cli_default_is_validation_only (test_world_pm_subsecond_cli_r1.OfflineCliTests.test_direct_file_cli_default_is_validation_only) ... ok
test_offline_analyzer_cli_emits_no_result_for_empty_cohort (test_world_pm_subsecond_cli_r1.OfflineCliTests.test_offline_analyzer_cli_emits_no_result_for_empty_cohort) ... ok
test_b4_inner_changes_leave_0_4h_parameters_unchanged (test_world_pm_subsecond_cohort_r1.CohortTests.test_b4_inner_changes_leave_0_4h_parameters_unchanged) ... ok
test_b4_linear_copies_through_full_cohort_produce_exact_zero (test_world_pm_subsecond_cohort_r1.CohortTests.test_b4_linear_copies_through_full_cohort_produce_exact_zero) ... ok
test_b4_outer_changes_leave_k_and_0_6h_parameters_unchanged (test_world_pm_subsecond_cohort_r1.CohortTests.test_b4_outer_changes_leave_k_and_0_6h_parameters_unchanged) ... ok
test_common_first_half_grid_not_individual_horizon_counts (test_world_pm_subsecond_cohort_r1.CohortTests.test_common_first_half_grid_not_individual_horizon_counts) ... ok
test_unchosen_second_half_does_not_block_selected_horizon (test_world_pm_subsecond_cohort_r1.CohortTests.test_unchosen_second_half_does_not_block_selected_horizon) ... ok
test_unreliable_receipts_have_data_no_result_priority (test_world_pm_subsecond_cohort_r1.CohortTests.test_unreliable_receipts_have_data_no_result_priority) ... ok
test_upfront_purge_including_outer_training_and_end (test_world_pm_subsecond_cohort_r1.CohortTests.test_upfront_purge_including_outer_training_and_end) ... ok
test_world_error_gap_not_expanded (test_world_pm_subsecond_cohort_r1.CohortTests.test_world_error_gap_not_expanded) ... ok
test_bootstrap_is_row_weighted_with_equal_block_draws (test_world_pm_subsecond_model_r1.SubsecondModelTests.test_bootstrap_is_row_weighted_with_equal_block_draws) ... ok
test_bootstrap_uses_utc_15min_blocks_without_gap_compression (test_world_pm_subsecond_model_r1.SubsecondModelTests.test_bootstrap_uses_utc_15min_blocks_without_gap_compression) ... ok
test_correlation_rejects_zero_variance (test_world_pm_subsecond_model_r1.SubsecondModelTests.test_correlation_rejects_zero_variance) ... ok
test_exact_world_columns_are_pm_linear_copies_and_loss_is_zero (test_world_pm_subsecond_model_r1.SubsecondModelTests.test_exact_world_columns_are_pm_linear_copies_and_loss_is_zero) ... ok
test_rcond_and_tolerance_drop_redundant_world_residuals (test_world_pm_subsecond_model_r1.SubsecondModelTests.test_rcond_and_tolerance_drop_redundant_world_residuals) ... ok
test_validation_replacement_does_not_change_fitted_parameters (test_world_pm_subsecond_model_r1.SubsecondModelTests.test_validation_replacement_does_not_change_fitted_parameters) ... ok

----------------------------------------------------------------------
Ran 37 tests in 2.600s

OK
